src/app/api/social/feed/route.ts(57,22): error TS2551: Property 'image' does not exist on type '{ organizer: { id: string; name: string | null; profileImage: string | null; }; } & { id: string; location: string; createdAt: Date; updatedAt: Date; status: string; description: string; ... 5 more ...; organizerId: string; }'. Did you mean 'images'?
src/app/api/social/feed/route.ts(79,22): error TS2551: Property 'image' does not exist on type '{ user: { id: string; name: string | null; profileImage: string | null; }; } & { id: string; createdAt: Date; updatedAt: Date; status: string; description: string; category: string; images: string[]; title: string; date: Date; userId: string; }'. Did you mean 'images'?
